[2026-01-12 16:35:57] ========== Server Started ==========
[2026-01-12 16:35:57] Log file: logs\server_2026-01-12_16-35-57.log
[2026-01-12 16:35:58] Using in-memory registry (no persistence)
[2026-01-12 16:35:58] Starting server on port 5000 (mode=udp)
[2026-01-12 16:35:58] Server started successfully
[2026-01-12 16:35:58] Broadcasting server info (heartbeat timeout: 1m0s)
[2026-01-12 16:35:58] Starting TUI mode
[2026-01-12 16:36:08] Cleanup ran: removed 0 stale entries
[2026-01-12 16:36:18] Cleanup ran: removed 0 stale entries
[2026-01-12 16:36:28] Cleanup ran: removed 0 stale entries
[2026-01-12 16:36:38] Cleanup ran: removed 0 stale entries
[2026-01-12 16:36:48] Cleanup ran: removed 0 stale entries
[2026-01-12 16:36:58] Cleanup ran: removed 0 stale entries
[2026-01-12 16:37:08] Cleanup ran: removed 0 stale entries
[2026-01-12 16:37:18] Cleanup ran: removed 0 stale entries
[2026-01-12 16:37:28] Cleanup ran: removed 0 stale entries
[2026-01-12 16:37:38] Cleanup ran: removed 0 stale entries
[2026-01-12 16:37:48] Cleanup ran: removed 0 stale entries
[2026-01-12 16:37:58] Cleanup ran: removed 0 stale entries
[2026-01-12 16:38:08] Cleanup ran: removed 0 stale entries
[2026-01-12 16:38:18] Cleanup ran: removed 0 stale entries
[2026-01-12 16:38:24] TUI exited
