[2026-01-14 16:47:37] ========== Server Started ==========
[2026-01-14 16:47:37] Log file: logs\server_2026-01-14_16-47-37.log
[2026-01-14 16:47:40] Using in-memory registry (no persistence)
[2026-01-14 16:47:40] Starting server on port 5000 (mode=tls)
[2026-01-14 16:47:40] TLS mode: cert=certs/server.crt key=certs/server.key ca=certs/ca.crt
[2026-01-14 16:47:40] Server started successfully
[2026-01-14 16:47:40] Broadcasting server info (heartbeat timeout: 1m0s)
[2026-01-14 16:47:40] Starting TUI mode
[2026-01-14 16:47:40] TLS server started on 0.0.0.0:5000 (mutual auth enabled)
[2026-01-14 16:47:50] Cleanup ran: removed 0 stale entries
[2026-01-14 16:48:00] Cleanup ran: removed 0 stale entries
[2026-01-14 16:48:10] Cleanup ran: removed 0 stale entries
[2026-01-14 16:48:20] Cleanup ran: removed 0 stale entries
[2026-01-14 16:48:30] Cleanup ran: removed 0 stale entries
[2026-01-14 16:48:40] Cleanup ran: removed 0 stale entries
[2026-01-14 16:48:50] Cleanup ran: removed 0 stale entries
[2026-01-14 16:49:00] Cleanup ran: removed 0 stale entries
[2026-01-14 16:49:10] Cleanup ran: removed 0 stale entries
[2026-01-14 16:49:20] Cleanup ran: removed 0 stale entries
[2026-01-14 16:49:30] Cleanup ran: removed 0 stale entries
[2026-01-14 16:49:40] Cleanup ran: removed 0 stale entries
[2026-01-14 16:49:50] Cleanup ran: removed 0 stale entries
[2026-01-14 16:50:00] Cleanup ran: removed 0 stale entries
[2026-01-14 16:50:10] Cleanup ran: removed 0 stale entries
[2026-01-14 16:50:20] Cleanup ran: removed 0 stale entries
[2026-01-14 16:50:30] Cleanup ran: removed 0 stale entries
[2026-01-14 16:50:40] Cleanup ran: removed 0 stale entries
[2026-01-14 16:50:50] Cleanup ran: removed 0 stale entries
[2026-01-14 16:51:00] Cleanup ran: removed 0 stale entries
[2026-01-14 16:51:10] Cleanup ran: removed 0 stale entries
[2026-01-14 16:51:20] Cleanup ran: removed 0 stale entries
[2026-01-14 16:51:30] Cleanup ran: removed 0 stale entries
[2026-01-14 16:51:40] Cleanup ran: removed 0 stale entries
[2026-01-14 16:51:50] Cleanup ran: removed 0 stale entries
[2026-01-14 16:52:00] Cleanup ran: removed 0 stale entries
[2026-01-14 16:52:10] Cleanup ran: removed 0 stale entries
[2026-01-14 16:52:20] Cleanup ran: removed 0 stale entries
[2026-01-14 16:52:30] Cleanup ran: removed 0 stale entries
[2026-01-14 16:52:40] Cleanup ran: removed 0 stale entries
[2026-01-14 16:52:50] Cleanup ran: removed 0 stale entries
[2026-01-14 16:53:00] Cleanup ran: removed 0 stale entries
[2026-01-14 16:53:10] Cleanup ran: removed 0 stale entries
[2026-01-14 16:53:20] Cleanup ran: removed 0 stale entries
[2026-01-14 16:53:30] Cleanup ran: removed 0 stale entries
[2026-01-14 16:53:40] Cleanup ran: removed 0 stale entries
[2026-01-14 16:53:50] Cleanup ran: removed 0 stale entries
[2026-01-14 16:54:00] Cleanup ran: removed 0 stale entries
[2026-01-14 16:54:10] Cleanup ran: removed 0 stale entries
[2026-01-14 16:54:20] Cleanup ran: removed 0 stale entries
[2026-01-14 16:54:30] Cleanup ran: removed 0 stale entries
[2026-01-14 16:54:40] Cleanup ran: removed 0 stale entries
[2026-01-14 16:54:50] Cleanup ran: removed 0 stale entries
[2026-01-14 16:55:00] Cleanup ran: removed 0 stale entries
[2026-01-14 16:55:10] Cleanup ran: removed 0 stale entries
[2026-01-14 16:55:20] Cleanup ran: removed 0 stale entries
[2026-01-14 16:55:30] Cleanup ran: removed 0 stale entries
[2026-01-14 16:55:40] Cleanup ran: removed 0 stale entries
[2026-01-14 16:55:50] Cleanup ran: removed 0 stale entries
[2026-01-14 16:56:00] Cleanup ran: removed 0 stale entries
[2026-01-14 16:56:10] Cleanup ran: removed 0 stale entries
[2026-01-14 16:56:20] Cleanup ran: removed 0 stale entries
[2026-01-14 16:56:30] Cleanup ran: removed 0 stale entries
[2026-01-14 16:56:40] Cleanup ran: removed 0 stale entries
[2026-01-14 16:56:50] Cleanup ran: removed 0 stale entries
[2026-01-14 16:57:00] Cleanup ran: removed 0 stale entries
[2026-01-14 16:57:10] Cleanup ran: removed 0 stale entries
[2026-01-14 16:57:20] Cleanup ran: removed 0 stale entries
[2026-01-14 16:57:30] Cleanup ran: removed 0 stale entries
[2026-01-14 16:57:40] Cleanup ran: removed 0 stale entries
[2026-01-14 16:57:50] Cleanup ran: removed 0 stale entries
[2026-01-14 16:58:00] Cleanup ran: removed 0 stale entries
[2026-01-14 16:58:10] Cleanup ran: removed 0 stale entries
[2026-01-14 16:58:20] Cleanup ran: removed 0 stale entries
[2026-01-14 16:58:30] Cleanup ran: removed 0 stale entries
[2026-01-14 16:58:40] Cleanup ran: removed 0 stale entries
[2026-01-14 16:58:50] Cleanup ran: removed 0 stale entries
[2026-01-14 16:59:00] Cleanup ran: removed 0 stale entries
[2026-01-14 16:59:10] Cleanup ran: removed 0 stale entries
[2026-01-14 16:59:20] Cleanup ran: removed 0 stale entries
[2026-01-14 16:59:30] Cleanup ran: removed 0 stale entries
[2026-01-14 16:59:40] Cleanup ran: removed 0 stale entries
[2026-01-14 16:59:50] Cleanup ran: removed 0 stale entries
[2026-01-14 17:00:00] Cleanup ran: removed 0 stale entries
[2026-01-14 17:00:10] Cleanup ran: removed 0 stale entries
[2026-01-14 17:00:20] Cleanup ran: removed 0 stale entries
[2026-01-14 17:00:30] Cleanup ran: removed 0 stale entries
[2026-01-14 17:00:40] Cleanup ran: removed 0 stale entries
[2026-01-14 17:00:50] Cleanup ran: removed 0 stale entries
[2026-01-14 17:01:00] Cleanup ran: removed 0 stale entries
[2026-01-14 17:01:10] Cleanup ran: removed 0 stale entries
[2026-01-14 17:01:20] Cleanup ran: removed 0 stale entries
[2026-01-14 17:01:30] Cleanup ran: removed 0 stale entries
[2026-01-14 17:01:40] Cleanup ran: removed 0 stale entries
[2026-01-14 17:01:50] Cleanup ran: removed 0 stale entries
[2026-01-14 17:02:00] Cleanup ran: removed 0 stale entries
[2026-01-14 17:02:10] Cleanup ran: removed 0 stale entries
[2026-01-14 17:02:20] Cleanup ran: removed 0 stale entries
[2026-01-14 17:02:30] Cleanup ran: removed 0 stale entries
[2026-01-14 17:02:40] Cleanup ran: removed 0 stale entries
[2026-01-14 17:02:50] Cleanup ran: removed 0 stale entries
[2026-01-14 17:03:00] Cleanup ran: removed 0 stale entries
[2026-01-14 17:03:10] Cleanup ran: removed 0 stale entries
[2026-01-14 17:03:20] Cleanup ran: removed 0 stale entries
[2026-01-14 17:03:30] Cleanup ran: removed 0 stale entries
[2026-01-14 17:03:40] Cleanup ran: removed 0 stale entries
[2026-01-14 17:03:50] Cleanup ran: removed 0 stale entries
[2026-01-14 17:04:00] Cleanup ran: removed 0 stale entries
[2026-01-14 17:04:10] Cleanup ran: removed 0 stale entries
[2026-01-14 17:04:20] Cleanup ran: removed 0 stale entries
[2026-01-14 17:04:30] Cleanup ran: removed 0 stale entries
[2026-01-14 17:04:40] Cleanup ran: removed 0 stale entries
[2026-01-14 17:04:50] Cleanup ran: removed 0 stale entries
[2026-01-14 17:05:00] Cleanup ran: removed 0 stale entries
[2026-01-14 17:05:10] Cleanup ran: removed 0 stale entries
[2026-01-14 17:05:20] Cleanup ran: removed 0 stale entries
[2026-01-14 17:05:30] Cleanup ran: removed 0 stale entries
[2026-01-14 17:05:40] Cleanup ran: removed 0 stale entries
[2026-01-14 17:05:50] Cleanup ran: removed 0 stale entries
[2026-01-14 17:06:00] Cleanup ran: removed 0 stale entries
[2026-01-14 17:06:10] Cleanup ran: removed 0 stale entries
[2026-01-14 17:06:20] Cleanup ran: removed 0 stale entries
[2026-01-14 17:06:30] Cleanup ran: removed 0 stale entries
[2026-01-14 17:06:40] Cleanup ran: removed 0 stale entries
[2026-01-14 17:06:50] Cleanup ran: removed 0 stale entries
[2026-01-14 17:07:00] Cleanup ran: removed 0 stale entries
[2026-01-14 17:07:10] Cleanup ran: removed 0 stale entries
[2026-01-14 17:07:20] Cleanup ran: removed 0 stale entries
[2026-01-14 17:07:30] Cleanup ran: removed 0 stale entries
[2026-01-14 17:07:40] Cleanup ran: removed 0 stale entries
[2026-01-14 17:07:50] Cleanup ran: removed 0 stale entries
[2026-01-14 17:08:00] Cleanup ran: removed 0 stale entries
[2026-01-14 17:08:10] Cleanup ran: removed 0 stale entries
[2026-01-14 17:08:20] Cleanup ran: removed 0 stale entries
[2026-01-14 17:08:30] Cleanup ran: removed 0 stale entries
[2026-01-14 17:08:40] Cleanup ran: removed 0 stale entries
[2026-01-14 17:08:50] Cleanup ran: removed 0 stale entries
[2026-01-14 17:09:00] Cleanup ran: removed 0 stale entries
[2026-01-14 17:09:10] Cleanup ran: removed 0 stale entries
[2026-01-14 17:09:20] Cleanup ran: removed 0 stale entries
[2026-01-14 17:09:30] Cleanup ran: removed 0 stale entries
[2026-01-14 17:09:40] Cleanup ran: removed 0 stale entries
[2026-01-14 17:09:50] Cleanup ran: removed 0 stale entries
[2026-01-14 17:10:00] Cleanup ran: removed 0 stale entries
[2026-01-14 17:10:10] Cleanup ran: removed 0 stale entries
[2026-01-14 17:10:20] Cleanup ran: removed 0 stale entries
[2026-01-14 17:10:30] Cleanup ran: removed 0 stale entries
[2026-01-14 17:10:40] Cleanup ran: removed 0 stale entries
[2026-01-14 17:10:50] Cleanup ran: removed 0 stale entries
[2026-01-14 17:11:00] Cleanup ran: removed 0 stale entries
[2026-01-14 17:11:10] Cleanup ran: removed 0 stale entries
[2026-01-14 17:11:20] Cleanup ran: removed 0 stale entries
[2026-01-14 17:11:30] Cleanup ran: removed 0 stale entries
[2026-01-14 17:11:40] Cleanup ran: removed 0 stale entries
[2026-01-14 17:11:50] Cleanup ran: removed 0 stale entries
[2026-01-14 17:12:00] Cleanup ran: removed 0 stale entries
[2026-01-14 17:12:10] Cleanup ran: removed 0 stale entries
[2026-01-14 17:12:20] Cleanup ran: removed 0 stale entries
[2026-01-14 17:12:30] Cleanup ran: removed 0 stale entries
[2026-01-14 17:12:40] Cleanup ran: removed 0 stale entries
[2026-01-14 17:12:50] Cleanup ran: removed 0 stale entries
[2026-01-14 17:13:00] Cleanup ran: removed 0 stale entries
[2026-01-14 17:13:10] Cleanup ran: removed 0 stale entries
[2026-01-14 17:13:20] Cleanup ran: removed 0 stale entries
[2026-01-14 17:13:30] Cleanup ran: removed 0 stale entries
[2026-01-14 17:13:40] Cleanup ran: removed 0 stale entries
[2026-01-14 17:13:50] Cleanup ran: removed 0 stale entries
[2026-01-14 17:14:00] Cleanup ran: removed 0 stale entries
[2026-01-14 17:14:10] Cleanup ran: removed 0 stale entries
[2026-01-14 17:14:20] Cleanup ran: removed 0 stale entries
[2026-01-14 17:14:30] Cleanup ran: removed 0 stale entries
[2026-01-14 17:14:40] Cleanup ran: removed 0 stale entries
[2026-01-14 17:14:50] Cleanup ran: removed 0 stale entries
[2026-01-14 17:15:00] Cleanup ran: removed 0 stale entries
[2026-01-14 17:15:10] Cleanup ran: removed 0 stale entries
[2026-01-14 17:15:20] Cleanup ran: removed 0 stale entries
[2026-01-14 17:15:30] Cleanup ran: removed 0 stale entries
[2026-01-14 17:15:40] Cleanup ran: removed 0 stale entries
[2026-01-14 17:15:50] Cleanup ran: removed 0 stale entries
[2026-01-14 17:16:00] Cleanup ran: removed 0 stale entries
[2026-01-14 17:16:10] Cleanup ran: removed 0 stale entries
[2026-01-14 17:16:20] Cleanup ran: removed 0 stale entries
[2026-01-14 17:16:30] Cleanup ran: removed 0 stale entries
[2026-01-14 17:16:40] Cleanup ran: removed 0 stale entries
[2026-01-14 17:16:50] Cleanup ran: removed 0 stale entries
[2026-01-14 17:17:00] Cleanup ran: removed 0 stale entries
[2026-01-14 17:17:10] Cleanup ran: removed 0 stale entries
[2026-01-14 17:17:20] Cleanup ran: removed 0 stale entries
[2026-01-14 17:17:30] Cleanup ran: removed 0 stale entries
[2026-01-14 17:17:40] Cleanup ran: removed 0 stale entries
[2026-01-14 17:17:50] Cleanup ran: removed 0 stale entries
[2026-01-14 17:18:00] Cleanup ran: removed 0 stale entries
[2026-01-14 17:18:10] Cleanup ran: removed 0 stale entries
[2026-01-14 17:18:20] Cleanup ran: removed 0 stale entries
[2026-01-14 17:18:30] Cleanup ran: removed 0 stale entries
[2026-01-14 17:18:40] Cleanup ran: removed 0 stale entries
[2026-01-14 17:18:50] Cleanup ran: removed 0 stale entries
[2026-01-14 17:19:00] Cleanup ran: removed 0 stale entries
[2026-01-14 17:19:10] Cleanup ran: removed 0 stale entries
[2026-01-14 17:19:20] Cleanup ran: removed 0 stale entries
[2026-01-14 17:19:30] Cleanup ran: removed 0 stale entries
[2026-01-14 17:19:40] Cleanup ran: removed 0 stale entries
[2026-01-14 17:19:50] Cleanup ran: removed 0 stale entries
[2026-01-14 17:20:00] Cleanup ran: removed 0 stale entries
[2026-01-14 17:20:10] Cleanup ran: removed 0 stale entries
[2026-01-14 17:20:20] Cleanup ran: removed 0 stale entries
[2026-01-14 17:20:30] Cleanup ran: removed 0 stale entries
[2026-01-14 17:20:40] Cleanup ran: removed 0 stale entries
[2026-01-14 17:20:50] Cleanup ran: removed 0 stale entries
[2026-01-14 17:21:00] Cleanup ran: removed 0 stale entries
[2026-01-14 17:21:10] Cleanup ran: removed 0 stale entries
[2026-01-14 17:21:20] Cleanup ran: removed 0 stale entries
[2026-01-14 17:21:30] Cleanup ran: removed 0 stale entries
[2026-01-14 17:21:40] Cleanup ran: removed 0 stale entries
[2026-01-14 17:21:50] Cleanup ran: removed 0 stale entries
[2026-01-14 17:22:00] Cleanup ran: removed 0 stale entries
[2026-01-14 17:22:10] Cleanup ran: removed 0 stale entries
[2026-01-14 17:22:20] Cleanup ran: removed 0 stale entries
[2026-01-14 17:22:30] Cleanup ran: removed 0 stale entries
[2026-01-14 17:22:40] Cleanup ran: removed 0 stale entries
[2026-01-14 17:22:50] Cleanup ran: removed 0 stale entries
[2026-01-14 17:23:00] Cleanup ran: removed 0 stale entries
[2026-01-14 17:23:10] Cleanup ran: removed 0 stale entries
[2026-01-14 17:23:20] Cleanup ran: removed 0 stale entries
[2026-01-14 17:23:30] Cleanup ran: removed 0 stale entries
[2026-01-14 17:23:40] Cleanup ran: removed 0 stale entries
[2026-01-14 17:23:50] Cleanup ran: removed 0 stale entries
[2026-01-14 17:24:00] Cleanup ran: removed 0 stale entries
[2026-01-14 17:24:10] Cleanup ran: removed 0 stale entries
