[2026-01-13 16:23:22] ========== Server Started ==========
[2026-01-13 16:23:22] Log file: logs\server_2026-01-13_16-23-22.log
[2026-01-13 16:23:23] Using in-memory registry (no persistence)
[2026-01-13 16:23:23] Starting server on port 5000 (mode=udp)
[2026-01-13 16:23:23] Server started successfully
[2026-01-13 16:23:23] Broadcasting server info (heartbeat timeout: 1m0s)
[2026-01-13 16:23:23] Starting TUI mode
[2026-01-13 16:23:33] Cleanup ran: removed 0 stale entries
[2026-01-13 16:23:43] Cleanup ran: removed 0 stale entries
[2026-01-13 16:23:53] Cleanup ran: removed 0 stale entries
[2026-01-13 16:24:03] Cleanup ran: removed 0 stale entries
[2026-01-13 16:24:13] Cleanup ran: removed 0 stale entries
[2026-01-13 16:24:23] Cleanup ran: removed 0 stale entries
[2026-01-13 16:24:33] Cleanup ran: removed 0 stale entries
[2026-01-13 16:24:43] Cleanup ran: removed 0 stale entries
[2026-01-13 16:24:53] Cleanup ran: removed 0 stale entries
[2026-01-13 16:25:03] Cleanup ran: removed 0 stale entries
[2026-01-13 16:25:13] Cleanup ran: removed 0 stale entries
[2026-01-13 16:25:23] Cleanup ran: removed 0 stale entries
[2026-01-13 16:25:33] Cleanup ran: removed 0 stale entries
[2026-01-13 16:25:43] Cleanup ran: removed 0 stale entries
